account.ts:28 Uncaught (in promise) TypeError: Failed to construct 'URL': Invalid URL
    at Account.<anonymous> (account.ts:28:21)
    at Generator.next (<anonymous>)
    at tslib.es6.js:76:71
    at new Promise (<anonymous>)
    at __awaiter (tslib.es6.js:72:12)
    at Account.get (account.ts:24:14)
    at AuthService.getCurrentUser (auth.js:38:39)
    at App.jsx:14:17
    at commitHookEffectListMount (react-dom.development.js:23189:26)
    at commitPassiveMountOnFiber (react-dom.development.js:24965:13)
(anonymous) @ account.ts:28
(anonymous) @ tslib.es6.js:76
__awaiter @ tslib.es6.js:72
get @ account.ts:24
getCurrentUser @ auth.js:38
(anonymous) @ App.jsx:14
commitHookEffectListMount @ react-dom.development.js:23189
commitPassiveMountOnFiber @ react-dom.development.js:24965
commitPassiveMountEffects_complete @ react-dom.development.js:24930
commitPassiveMountEffects_begin @ react-dom.development.js:24917
commitPassiveMountEffects @ react-dom.development.js:24905
flushPassiveEffectsImpl @ react-dom.development.js:27078
flushPassiveEffects @ react-dom.development.js:27023
(anonymous) @ react-dom.development.js:26808
workLoop @ scheduler.development.js:266
flushWork @ scheduler.development.js:239
performWorkUntilDeadline @ scheduler.development.js:533
Show 15 more frames
Show lessUnderstand this error
account.ts:28 Uncaught (in promise) TypeError: Failed to construct 'URL': Invalid URL
    at Account.<anonymous> (account.ts:28:21)
    at Generator.next (<anonymous>)
    at tslib.es6.js:76:71
    at new Promise (<anonymous>)
    at __awaiter (tslib.es6.js:72:12)
    at Account.get (account.ts:24:14)
    at AuthService.getCurrentUser (auth.js:38:39)
    at App.jsx:14:17
    at commitHookEffectListMount (react-dom.development.js:23189:26)
    at invokePassiveEffectMountInDEV (react-dom.development.js:25193:13)